// Jest Snapshot v1, https://goo.gl/fbAQLP

exports[`Button to match snapshot 1`] = `
<div>
  <div
    class="MuiContainer-root MuiContainer-maxWidthLg css-1oqqzyl-MuiContainer-root"
  >
    <div
      class="py-16 text-center"
    >
      <p
        class="uppercase text-xl"
      >
        Loading
      </p>
    </div>
  </div>
</div>
`;
